=== Atelier Tools Auto-Builder ===
Starting 2026-02-24T21:12:37.686Z
20 tools to build


[SKIP] Word Counter Tool - already built

[SKIP] Lorem Ipsum Generator - already built

[1/20] Case Converter
──────────────────────────────────────────────────
  Task: 95cc8ca8-9332-48ec-b9cf-084d5b0aefe2
  Starting planning for Case Converter...
  Q: Which case conversion options should be included?... → A
  Q: How should the conversion be triggered?... → A
  ✓ Planning complete
  Status: in_progress
  ⏰ TIMEOUT: Case Converter

[2/20] Text Reverser
──────────────────────────────────────────────────
  Task: fce62a14-9e1d-4d53-9fdb-dd7c7472ea6a
  Starting planning for Text Reverser...
  Q: What reversal modes should the Text Reverser support?... → A
  ✓ Planning complete
  Status: in_progress
