=== Atelier Tools Auto-Builder ===
Starting 2026-02-24T21:57:50.799Z
20 tools to build


[SKIP] Word Counter Tool - already built

[SKIP] Lorem Ipsum Generator - already built

[SKIP] Case Converter - already built

[1/20] Text Reverser
──────────────────────────────────────────────────
  Task: d0e8caec-86f8-4d53-bae6-60bfdbccc92d
  Starting planning for Text Reverser...
  Q: What reversal modes should the tool support?... → A
  ❌ ERROR: API error 500: Internal Server Error

[2/20] Duplicate Line Remover
──────────────────────────────────────────────────
  Task: 05ab72d0-086a-4528-992e-f99be7a1ef32
  Starting planning for Duplicate Line Remover...
  Q: How should the tool handle case sensitivity when detecting d... → A
  ❌ ERROR: API error 500: Internal Server Error

[3/20] Line Sorter
──────────────────────────────────────────────────
  Task: 9f2619d7-7957-4b65-b619-623d55b1b789
  Starting planning for Line Sorter...
  Q: How should the Line Sorter handle case sensitivity when sort... → A
  ❌ ERROR: API error 500: Internal Server Error

[4/20] JSON Formatter
──────────────────────────────────────────────────
  Task: a2dd0cdd-cdab-453a-85af-2cc748220d72
  Starting planning for JSON Formatter...
  Q: What primary features should the JSON Formatter include?... → A
  ❌ ERROR: API error 500: Internal Server Error

[5/20] JSON to CSV Converter
──────────────────────────────────────────────────
  Task: ff0de0f9-6f98-43b6-a8f7-2f752ce23a2d
  Starting planning for JSON to CSV Converter...
  Q: How should the converter handle nested JSON objects and arra... → A
  ❌ ERROR: API error 500: Internal Server Error

[6/20] CSV to JSON Converter
──────────────────────────────────────────────────
  Task: 9d3b3d07-5c5b-4155-8d07-ef0b0dd835ce
  Starting planning for CSV to JSON Converter...
  Q: How should the CSV input be provided?... → A
  ❌ ERROR: API error 500: Internal Server Error

[7/20] Base64 Encoder/Decoder
──────────────────────────────────────────────────
  Task: 40444120-d257-437d-b6dc-c0fe8042bee7
  Starting planning for Base64 Encoder/Decoder...
  Q: How should the encode/decode interaction work?... → A
  ❌ ERROR: API error 500: Internal Server Error

[8/20] URL Encoder/Decoder
──────────────────────────────────────────────────
  Task: f0ff3a7e-838b-404a-b2b5-1ca08dc027d1
  Starting planning for URL Encoder/Decoder...
  Q: What encoding scope should the tool support?... → A
  ❌ ERROR: API error 500: Internal Server Error

[9/20] HTML Entity Encoder
──────────────────────────────────────────────────
  Task: 756b85bd-6f11-4f95-8f5d-04c594d1508c
  Starting planning for HTML Entity Encoder...
  Q: Which HTML entities should the encoder handle?... → A
  ❌ ERROR: API error 500: Internal Server Error

[10/20] Markdown Preview
──────────────────────────────────────────────────
  Task: 068ce7c5-3ac0-4b7c-b8e9-80d359c9eaec
  Starting planning for Markdown Preview...
  Q: What Markdown flavor and features should the preview support... → A
  ❌ ERROR: API error 500: Internal Server Error

[11/20] Hash Generator
──────────────────────────────────────────────────
  Task: 0da16141-5fb0-4dbb-b9e0-9de69f3dbfb5
  Starting planning for Hash Generator...
  Q: Which hash algorithms should the tool support?... → A
  ❌ ERROR: API error 500: Internal Server Error

[12/20] UUID Generator
──────────────────────────────────────────────────
  Task: 2f6f8c2f-ae80-4011-8745-bb929f853b6d
  Starting planning for UUID Generator...
  Q: How many UUIDs should users be able to generate at once?... → A
  ❌ ERROR: API error 500: Internal Server Error

[13/20] Password Generator
──────────────────────────────────────────────────
  Task: b7ae18fd-69a0-4849-b864-06ef99d0bd1b
  Starting planning for Password Generator...
  Q: What password customization options should users have?... → A
  ❌ ERROR: API error 500: Internal Server Error

[14/20] Color Picker
──────────────────────────────────────────────────
  Task: d9ec74a5-7190-4057-b2b2-969d78a1007c
  Starting planning for Color Picker...
  Q: What color formats should the Color Picker support for conve... → A
  ❌ ERROR: API error 500: Internal Server Error

[15/20] Gradient Generator
──────────────────────────────────────────────────
  Task: 999cd0e9-0d88-4205-bbb4-74610064e949
  Starting planning for Gradient Generator...
  Q: What types of CSS gradients should the tool support?... → A
  ❌ ERROR: API error 500: Internal Server Error

[16/20] Box Shadow Generator
──────────────────────────────────────────────────
  Task: 3f0291cd-8a68-41d7-b903-9fc35553f14d
  Starting planning for Box Shadow Generator...
  Q: How many box shadows should users be able to layer on a sing... → A
  ❌ ERROR: API error 500: Internal Server Error

[17/20] Timestamp Converter
──────────────────────────────────────────────────
  Task: bea501d9-e4b9-4eab-a949-c9354f01de32
  Starting planning for Timestamp Converter...
  Q: What timestamp formats should this converter support?... → A
  ❌ ERROR: API error 500: Internal Server Error

==================================================
Finished 2026-02-24T22:02:10.913Z
Completed: 0
Skipped (already built): 3
Failed: 17
Total: 20/20
