=== Atelier Tools Auto-Builder ===
Starting 2026-02-24T21:32:08.694Z
20 tools to build


[SKIP] Word Counter Tool - already built

[SKIP] Lorem Ipsum Generator - already built

[1/20] Case Converter
──────────────────────────────────────────────────
  Task: 9fe7154e-36e5-4a21-83ba-99d23921f978
  Starting planning for Case Converter...
  Q: Which case conversions should the tool support?... → A
  ✓ Planning complete
  Status: in_progress
  Status: done
  ✅ DONE: Case Converter

[2/20] Text Reverser
──────────────────────────────────────────────────
  Task: f342bc55-89c6-4f67-be62-146d1c47d295
  Starting planning for Text Reverser...
  ❌ ERROR: fetch failed

[3/20] Duplicate Line Remover
──────────────────────────────────────────────────
  ❌ ERROR: fetch failed

[4/20] Line Sorter
──────────────────────────────────────────────────
  ❌ ERROR: fetch failed

[5/20] JSON Formatter
──────────────────────────────────────────────────
  ❌ ERROR: fetch failed

[6/20] JSON to CSV Converter
──────────────────────────────────────────────────
  ❌ ERROR: fetch failed

[7/20] CSV to JSON Converter
──────────────────────────────────────────────────
  ❌ ERROR: fetch failed

[8/20] Base64 Encoder/Decoder
──────────────────────────────────────────────────
  ❌ ERROR: fetch failed

[9/20] URL Encoder/Decoder
──────────────────────────────────────────────────
  ❌ ERROR: fetch failed

[10/20] HTML Entity Encoder
──────────────────────────────────────────────────
  ❌ ERROR: fetch failed

[11/20] Markdown Preview
──────────────────────────────────────────────────
  ❌ ERROR: fetch failed

[12/20] Hash Generator
──────────────────────────────────────────────────
  ❌ ERROR: fetch failed

[13/20] UUID Generator
──────────────────────────────────────────────────
  ❌ ERROR: fetch failed

[14/20] Password Generator
──────────────────────────────────────────────────
  ❌ ERROR: fetch failed

[15/20] Color Picker
──────────────────────────────────────────────────
  ❌ ERROR: fetch failed

[16/20] Gradient Generator
──────────────────────────────────────────────────
  ❌ ERROR: fetch failed

[17/20] Box Shadow Generator
──────────────────────────────────────────────────
  ❌ ERROR: fetch failed

[18/20] Timestamp Converter
──────────────────────────────────────────────────
  ❌ ERROR: fetch failed

==================================================
Finished 2026-02-24T21:37:54.062Z
Completed: 1
Skipped (already built): 2
Failed: 17
Total: 20/20
