=== Atelier Tools Auto-Builder ===
Starting 2026-02-25T07:47:55.887Z
20 tools to build


[SKIP] Word Counter - already built

[SKIP] Lorem Ipsum - already built

[SKIP] Case Converter - already built

[SKIP] Text Reverser - already built

[1/20] Duplicate Remover
──────────────────────────────────────────────────
  Task: 54613f0c-8f60-4458-8e2b-2375f7d7baa9
  Starting planning for Duplicate Remover...
  Q: How should the tool handle case sensitivity when detecting d... → A
  Q: How should whitespace be handled when comparing lines?... → A
  Q: What feedback should the tool show after removing duplicates... → A
  ✓ Planning complete
  Status: in_progress
  ⏰ TIMEOUT: Duplicate Remover

[2/20] Line Sorter
──────────────────────────────────────────────────
  Task: 1ab786c0-ce89-4fd2-80a6-6feb69eab9f3
  Starting planning for Line Sorter...
  Q: What sorting options should the Line Sorter support?... → A
  ✓ Planning complete
  Status: in_progress
  ⏰ TIMEOUT: Line Sorter

[SKIP] JSON Formatter - already built

[SKIP] JSON to CSV - already built

[SKIP] CSV to JSON - already built

[SKIP] Base64 Encoder - already built

[SKIP] URL Encoder - already built

[SKIP] HTML Entity Encoder - already built

[SKIP] Markdown Preview - already built

[SKIP] Hash Generator - already built

[3/20] UUID Generator
──────────────────────────────────────────────────
  Task: 440d8716-60aa-4c24-829c-766ceeef444d
  Starting planning for UUID Generator...
  Q: What output format should the UUID Generator support?... → A
  Q: Should users be able to generate multiple UUIDs at once?... → A
  ✓ Planning complete
  Status: in_progress
  ⏰ TIMEOUT: UUID Generator

[SKIP] Password Generator - already built

[4/20] Color Picker
──────────────────────────────────────────────────
  Task: 5e25bad2-b239-4711-8bed-df56aea33706
  Starting planning for Color Picker...
  Q: What's the primary use case for this color picker?... → A
  Q: What input methods should the color picker support?... → A
  ✓ Planning complete
  Status: in_progress
  ⏰ TIMEOUT: Color Picker

[5/20] Gradient Generator
──────────────────────────────────────────────────
  Task: 70cfb938-b68a-48e1-81ad-6f812a595d4e
  Starting planning for Gradient Generator...
  Q: What types of CSS gradients should this tool support?... → A
  Q: How should users add color stops to the gradient?... → A
  Q: What should be the Pro-only features?... → A
  ✓ Planning complete
  Status: in_progress
  Status: done
  ✅ DONE: Gradient Generator

[SKIP] Box Shadow Generator - already built

[6/20] Timestamp Converter
──────────────────────────────────────────────────
  Task: 9956e4a2-fd18-485e-819e-76fc05323716
  Starting planning for Timestamp Converter...
  Q: What conversion modes should the Timestamp Converter support... → A
  Q: How should the tool handle timezones?... → A
  Q: What date/time format should be displayed in the output?... → A
  ✓ Planning complete
  Status: in_progress
  Status: done
  ✅ DONE: Timestamp Converter

==================================================
Finished 2026-02-25T09:13:45.739Z
Completed: 2
Skipped (already built): 14
Failed: 4
Total: 20/20
