=== Atelier Tools Auto-Builder ===
Starting 2026-02-24T22:30:20.166Z
20 tools to build


[SKIP] Word Counter - already built

[SKIP] Lorem Ipsum - already built

[SKIP] Case Converter - already built

[1/20] Text Reverser
──────────────────────────────────────────────────
  Task: 7e0b3001-ff53-4dc7-86a7-f308ffb8ff60
  Starting planning for Text Reverser...
  Q: What should the primary reverse modes be for this tool?... → A
  ❌ ERROR: API error 500: Internal Server Error

[2/20] Duplicate Remover
──────────────────────────────────────────────────
  Task: 7925ab27-87c5-48b7-8030-6a3219502a76
  Starting planning for Duplicate Remover...
  Q: How should the tool determine what counts as a 'duplicate' l... → A
  ❌ ERROR: API error 500: Internal Server Error

[3/20] Line Sorter
──────────────────────────────────────────────────
  Task: 36aaeefa-cd27-42a4-bed7-0de07d817643
  Starting planning for Line Sorter...
  Q: What sorting options should the Line Sorter support?... → A
  ❌ ERROR: API error 500: Internal Server Error

[SKIP] JSON Formatter - already built

[SKIP] JSON to CSV - already built

[SKIP] CSV to JSON - already built

[SKIP] Base64 Encoder - already built

[SKIP] URL Encoder - already built

[SKIP] HTML Entity Encoder - already built

[SKIP] Markdown Preview - already built

[SKIP] Hash Generator - already built

[4/20] UUID Generator
──────────────────────────────────────────────────
  Task: ce575d6d-d4ec-45ae-80cb-f763c2458c99
  Starting planning for UUID Generator...
  Q: How many UUIDs should users be able to generate at once?... → A
  ❌ ERROR: API error 500: Internal Server Error

[SKIP] Password Generator - already built

[5/20] Color Picker
──────────────────────────────────────────────────
  Task: 10daddb7-6eb0-41af-b4ac-e4e84400b32b
  Starting planning for Color Picker...
  Q: What's the primary use case for this color picker?... → A
  ❌ ERROR: API error 500: Internal Server Error

[6/20] Gradient Generator
──────────────────────────────────────────────────
  Task: ab4b1760-9f8a-4755-bff9-db95f51deff5
  Starting planning for Gradient Generator...
  Q: What types of CSS gradients should the generator support?... → A
  ❌ ERROR: API error 500: Internal Server Error

[SKIP] Box Shadow Generator - already built

[7/20] Timestamp Converter
──────────────────────────────────────────────────
  Task: 5afc3b27-4fe8-4522-a5ff-e51c967b841a
  Starting planning for Timestamp Converter...
  Q: What timestamp formats should the converter support?... → A
  ❌ ERROR: API error 500: Internal Server Error

==================================================
Finished 2026-02-24T22:32:18.310Z
Completed: 0
Skipped (already built): 13
Failed: 7
Total: 20/20
